bench_elf_sha256=a466d5a64a67843a8f2acd4b7add23c25b2015241c64ea35b385ae59431b8c12 (76985272 bytes) /data/tmp/frankensearch-qg1-bb31daa0-a466d5/bin/perf_matrix-a466d5a6
[quill-perf-oracle] incumbent=tantivy linked_runtime=tantivy v0.26.1, index_format v7 contract_version=0.26.1 lexical=frankensearch-lexical@0.2.1 lexical_git=062a5e5b2d41653b1c8b07888eda1a765e421f49
[qg-fixture-preflight] manifest=docs/contracts/quill-perf-gates.toml fixture=bulk/xlarge/128/positions_on schema=frankensearch-default-v1 operator=bare_term positions=positions_on threads=128 status=ok hits=2
[quill-perf-policy] warmup_rounds=1
[quill-perf-execution-provenance] {"host_identity":"threadripperje","physical_cores":64,"logical_threads":128,"process_available_threads":128,"threads_actually_used":[128],"runtime_detected_isa":["avx2","fma","bmi2","aes","vaes"],"cpu_affinity_allowed_list":"0-127","affinity_or_cpuset_cap":null}
[qg-commit-parity] gate=QG-1 fixture=bulk/xlarge/128/positions_on arm=tantivy cadence_ms=1000 periodic_commits=13 terminal_commit_calls=1 durability=in_memory
[qg-commit-parity] gate=QG-1 fixture=bulk/xlarge/128/positions_on arm=tantivy cadence_ms=1000 periodic_commits=14 terminal_commit_calls=1 durability=in_memory
[qg-commit-parity] gate=QG-1 fixture=bulk/xlarge/128/positions_on arm=tantivy cadence_ms=1000 periodic_commits=14 terminal_commit_calls=1 durability=in_memory
[qg-commit-parity] gate=QG-1 fixture=bulk/xlarge/128/positions_on arm=tantivy cadence_ms=1000 periodic_commits=13 terminal_commit_calls=1 durability=in_memory
[qg-commit-parity] gate=QG-1 fixture=bulk/xlarge/128/positions_on arm=tantivy cadence_ms=1000 periodic_commits=14 terminal_commit_calls=1 durability=in_memory
[qg-commit-parity] gate=QG-1 fixture=bulk/xlarge/128/positions_on arm=tantivy cadence_ms=1000 periodic_commits=13 terminal_commit_calls=1 durability=in_memory
[qg-commit-parity] gate=QG-1 fixture=bulk/xlarge/128/positions_on arm=tantivy cadence_ms=1000 periodic_commits=14 terminal_commit_calls=1 durability=in_memory
[qg-commit-parity] gate=QG-1 fixture=bulk/xlarge/128/positions_on arm=tantivy cadence_ms=1000 periodic_commits=14 terminal_commit_calls=1 durability=in_memory
[qg-commit-parity] gate=QG-1 fixture=bulk/xlarge/128/positions_on arm=tantivy cadence_ms=1000 periodic_commits=14 terminal_commit_calls=1 durability=in_memory
[qg-commit-parity] gate=QG-1 fixture=bulk/xlarge/128/positions_on arm=tantivy cadence_ms=1000 periodic_commits=13 terminal_commit_calls=1 durability=in_memory
[qg-commit-parity] gate=QG-1 fixture=bulk/xlarge/128/positions_on arm=tantivy cadence_ms=1000 periodic_commits=13 terminal_commit_calls=1 durability=in_memory
[qg-commit-parity] gate=QG-1 fixture=bulk/xlarge/128/positions_on arm=tantivy cadence_ms=1000 periodic_commits=13 terminal_commit_calls=1 durability=in_memory
[qg-commit-parity] gate=QG-1 fixture=bulk/xlarge/128/positions_on arm=tantivy cadence_ms=1000 periodic_commits=14 terminal_commit_calls=1 durability=in_memory
[qg-commit-parity] gate=QG-1 fixture=bulk/xlarge/128/positions_on arm=tantivy cadence_ms=1000 periodic_commits=13 terminal_commit_calls=1 durability=in_memory
[qg-commit-parity] gate=QG-1 fixture=bulk/xlarge/128/positions_on arm=tantivy cadence_ms=1000 periodic_commits=14 terminal_commit_calls=1 durability=in_memory
[qg-commit-parity] gate=QG-1 fixture=bulk/xlarge/128/positions_on arm=tantivy cadence_ms=1000 periodic_commits=13 terminal_commit_calls=1 durability=in_memory
[qg-commit-parity] gate=QG-1 fixture=bulk/xlarge/128/positions_on arm=tantivy cadence_ms=1000 periodic_commits=14 terminal_commit_calls=1 durability=in_memory
[qg-commit-parity] gate=QG-1 fixture=bulk/xlarge/128/positions_on arm=tantivy cadence_ms=1000 periodic_commits=14 terminal_commit_calls=1 durability=in_memory
[qg-commit-parity] gate=QG-1 fixture=bulk/xlarge/128/positions_on arm=tantivy cadence_ms=1000 periodic_commits=13 terminal_commit_calls=1 durability=in_memory
[qg-commit-parity] gate=QG-1 fixture=bulk/xlarge/128/positions_on arm=tantivy cadence_ms=1000 periodic_commits=14 terminal_commit_calls=1 durability=in_memory
[qg-commit-parity] gate=QG-1 fixture=bulk/xlarge/128/positions_on arm=tantivy cadence_ms=1000 periodic_commits=14 terminal_commit_calls=1 durability=in_memory
[qg-commit-parity] gate=QG-1 fixture=bulk/xlarge/128/positions_on arm=tantivy cadence_ms=1000 periodic_commits=13 terminal_commit_calls=1 durability=in_memory
[qg-commit-parity] gate=QG-1 fixture=bulk/xlarge/128/positions_on arm=quill cadence_ms=1000 periodic_commits=28 terminal_commit_calls=1 durability=in_memory
[qg-commit-parity] gate=QG-1 fixture=bulk/xlarge/128/positions_on arm=quill cadence_ms=1000 periodic_commits=28 terminal_commit_calls=1 durability=in_memory
[qg-commit-parity] gate=QG-1 fixture=bulk/xlarge/128/positions_on arm=quill cadence_ms=1000 periodic_commits=28 terminal_commit_calls=1 durability=in_memory
[qg-commit-parity] gate=QG-1 fixture=bulk/xlarge/128/positions_on arm=quill cadence_ms=1000 periodic_commits=28 terminal_commit_calls=1 durability=in_memory
[qg-commit-parity] gate=QG-1 fixture=bulk/xlarge/128/positions_on arm=quill cadence_ms=1000 periodic_commits=28 terminal_commit_calls=1 durability=in_memory
[qg-commit-parity] gate=QG-1 fixture=bulk/xlarge/128/positions_on arm=quill cadence_ms=1000 periodic_commits=29 terminal_commit_calls=1 durability=in_memory
[qg-commit-parity] gate=QG-1 fixture=bulk/xlarge/128/positions_on arm=quill cadence_ms=1000 periodic_commits=28 terminal_commit_calls=1 durability=in_memory
[qg-commit-parity] gate=QG-1 fixture=bulk/xlarge/128/positions_on arm=quill cadence_ms=1000 periodic_commits=28 terminal_commit_calls=1 durability=in_memory
[qg-commit-parity] gate=QG-1 fixture=bulk/xlarge/128/positions_on arm=quill cadence_ms=1000 periodic_commits=28 terminal_commit_calls=1 durability=in_memory
[qg-commit-parity] gate=QG-1 fixture=bulk/xlarge/128/positions_on arm=quill cadence_ms=1000 periodic_commits=29 terminal_commit_calls=1 durability=in_memory
[qg-commit-parity] gate=QG-1 fixture=bulk/xlarge/128/positions_on arm=quill cadence_ms=1000 periodic_commits=28 terminal_commit_calls=1 durability=in_memory
[qg-commit-parity] gate=QG-1 fixture=bulk/xlarge/128/positions_on arm=quill cadence_ms=1000 periodic_commits=29 terminal_commit_calls=1 durability=in_memory
[qg-commit-parity] gate=QG-1 fixture=bulk/xlarge/128/positions_on arm=quill cadence_ms=1000 periodic_commits=28 terminal_commit_calls=1 durability=in_memory
[qg-commit-parity] gate=QG-1 fixture=bulk/xlarge/128/positions_on arm=quill cadence_ms=1000 periodic_commits=28 terminal_commit_calls=1 durability=in_memory
[qg-commit-parity] gate=QG-1 fixture=bulk/xlarge/128/positions_on arm=quill cadence_ms=1000 periodic_commits=29 terminal_commit_calls=1 durability=in_memory
[qg-commit-parity] gate=QG-1 fixture=bulk/xlarge/128/positions_on arm=quill cadence_ms=1000 periodic_commits=29 terminal_commit_calls=1 durability=in_memory
[qg-commit-parity] gate=QG-1 fixture=bulk/xlarge/128/positions_on arm=quill cadence_ms=1000 periodic_commits=28 terminal_commit_calls=1 durability=in_memory
[qg-commit-parity] gate=QG-1 fixture=bulk/xlarge/128/positions_on arm=quill cadence_ms=1000 periodic_commits=28 terminal_commit_calls=1 durability=in_memory
[qg-commit-parity] gate=QG-1 fixture=bulk/xlarge/128/positions_on arm=quill cadence_ms=1000 periodic_commits=28 terminal_commit_calls=1 durability=in_memory
[qg-commit-parity] gate=QG-1 fixture=bulk/xlarge/128/positions_on arm=quill cadence_ms=1000 periodic_commits=28 terminal_commit_calls=1 durability=in_memory
[qg-commit-parity] gate=QG-1 fixture=bulk/xlarge/128/positions_on arm=quill cadence_ms=1000 periodic_commits=29 terminal_commit_calls=1 durability=in_memory
[qg-commit-parity] gate=QG-1 fixture=bulk/xlarge/128/positions_on arm=quill cadence_ms=1000 periodic_commits=28 terminal_commit_calls=1 durability=in_memory
[qg-commit-parity] gate=QG-1 fixture=bulk/xlarge/128/positions_on arm=tantivy cadence_ms=1000 periodic_commits=13 terminal_commit_calls=1 durability=in_memory
[qg-commit-parity] gate=QG-1 fixture=bulk/xlarge/128/positions_on arm=quill cadence_ms=1000 periodic_commits=28 terminal_commit_calls=1 durability=in_memory
[qg-commit-parity] gate=QG-1 fixture=bulk/xlarge/128/positions_on arm=tantivy cadence_ms=1000 periodic_commits=14 terminal_commit_calls=1 durability=in_memory
[qg-commit-parity] gate=QG-1 fixture=bulk/xlarge/128/positions_on arm=quill cadence_ms=1000 periodic_commits=28 terminal_commit_calls=1 durability=in_memory
[qg-commit-parity] gate=QG-1 fixture=bulk/xlarge/128/positions_on arm=quill cadence_ms=1000 periodic_commits=29 terminal_commit_calls=1 durability=in_memory
[qg-commit-parity] gate=QG-1 fixture=bulk/xlarge/128/positions_on arm=tantivy cadence_ms=1000 periodic_commits=14 terminal_commit_calls=1 durability=in_memory
[qg-commit-parity] gate=QG-1 fixture=bulk/xlarge/128/positions_on arm=tantivy cadence_ms=1000 periodic_commits=14 terminal_commit_calls=1 durability=in_memory
[qg-commit-parity] gate=QG-1 fixture=bulk/xlarge/128/positions_on arm=quill cadence_ms=1000 periodic_commits=28 terminal_commit_calls=1 durability=in_memory
[qg-commit-parity] gate=QG-1 fixture=bulk/xlarge/128/positions_on arm=quill cadence_ms=1000 periodic_commits=29 terminal_commit_calls=1 durability=in_memory
[qg-commit-parity] gate=QG-1 fixture=bulk/xlarge/128/positions_on arm=tantivy cadence_ms=1000 periodic_commits=14 terminal_commit_calls=1 durability=in_memory
[qg-commit-parity] gate=QG-1 fixture=bulk/xlarge/128/positions_on arm=tantivy cadence_ms=1000 periodic_commits=14 terminal_commit_calls=1 durability=in_memory
[qg-commit-parity] gate=QG-1 fixture=bulk/xlarge/128/positions_on arm=quill cadence_ms=1000 periodic_commits=28 terminal_commit_calls=1 durability=in_memory
[qg-commit-parity] gate=QG-1 fixture=bulk/xlarge/128/positions_on arm=quill cadence_ms=1000 periodic_commits=29 terminal_commit_calls=1 durability=in_memory
[qg-commit-parity] gate=QG-1 fixture=bulk/xlarge/128/positions_on arm=tantivy cadence_ms=1000 periodic_commits=13 terminal_commit_calls=1 durability=in_memory
[qg-commit-parity] gate=QG-1 fixture=bulk/xlarge/128/positions_on arm=tantivy cadence_ms=1000 periodic_commits=14 terminal_commit_calls=1 durability=in_memory
[qg-commit-parity] gate=QG-1 fixture=bulk/xlarge/128/positions_on arm=quill cadence_ms=1000 periodic_commits=29 terminal_commit_calls=1 durability=in_memory
[qg-commit-parity] gate=QG-1 fixture=bulk/xlarge/128/positions_on arm=quill cadence_ms=1000 periodic_commits=31 terminal_commit_calls=1 durability=in_memory
[qg-commit-parity] gate=QG-1 fixture=bulk/xlarge/128/positions_on arm=tantivy cadence_ms=1000 periodic_commits=14 terminal_commit_calls=1 durability=in_memory
[qg-commit-parity] gate=QG-1 fixture=bulk/xlarge/128/positions_on arm=tantivy cadence_ms=1000 periodic_commits=14 terminal_commit_calls=1 durability=in_memory
[qg-commit-parity] gate=QG-1 fixture=bulk/xlarge/128/positions_on arm=quill cadence_ms=1000 periodic_commits=29 terminal_commit_calls=1 durability=in_memory
[qg-commit-parity] gate=QG-1 fixture=bulk/xlarge/128/positions_on arm=quill cadence_ms=1000 periodic_commits=29 terminal_commit_calls=1 durability=in_memory
[qg-commit-parity] gate=QG-1 fixture=bulk/xlarge/128/positions_on arm=tantivy cadence_ms=1000 periodic_commits=14 terminal_commit_calls=1 durability=in_memory
[quill-perf-paired] fixture=bulk/xlarge/128/positions_on tantivy_null_median=1.013140 tantivy_null_ci95=[0.949719,1.059121] tantivy_null_cv_pct=6.577 quill_null_median=0.999793 quill_null_ci95=[0.994249,1.005438] quill_null_cv_pct=0.872 ab_median=0.254458 ab_ci95=[0.248676,0.262211] ab_cv_pct=2.836 checksum=b4a5f7b597468ce4
[tantivy-lifecycle] receipts=33 sha256=51c41477fbfe290f17fdf3eedba864c79a3421c3687d8643cc4200bd6b7a0334 path=/data/tmp/frankensearch-qg1-bb31daa0-a466d5/output/t128/tantivy-lifecycle.jsonl
[quill-evidence] gate=QG-1 status=invalid_null ratchet_admissible=false json=/data/tmp/frankensearch-qg1-bb31daa0-a466d5/output/t128/QG-1.evidence.json table=/data/tmp/frankensearch-qg1-bb31daa0-a466d5/output/t128/QG-1.evidence.md
host=threadripperje | physical_cores=64 | logical_threads=128 | process_available_threads=128 | threads_actually_used=[128] | runtime_detected_isa=["avx2", "fma", "bmi2", "aes", "vaes"] | cpu_affinity_allowed_list=0-127 | affinity_or_cpuset_cap=none
fixture | engine | metric | p50 | median_ci95 | p95 | p99 | cv_pct (provenance) | runs | admission
--- | --- | --- | ---: | ---: | ---: | ---: | ---: | ---: | ---
bulk/xlarge/128/positions_on | quill | docs_per_second (docs/s) | 28211.910882 | [27341.926858, 28488.135312] | 28506.857472 | 28506.857472 | 2.749 | 10 | sampled
bulk/xlarge/128/positions_on | tantivy | docs_per_second (docs/s) | 108901.703696 | [106310.272540, 111991.986255] | 112744.318151 | 112744.318151 | 2.689 | 10 | sampled
bulk/xlarge/128/positions_on | paired_ab | docs_per_second_quill_over_tantivy (ratio) | 0.254458 | [0.248676, 0.262211] | 0.265656 | 0.265656 | 2.836 | 10 | sampled
bulk/xlarge/128/positions_on | paired_null | docs_per_second_tantivy_over_tantivy (ratio) | 1.013140 | [0.949719, 1.059121] | 1.076291 | 1.076291 | 6.577 | 10 | sampled
bulk/xlarge/128/positions_on | paired_null_quill | docs_per_second_quill_over_quill (ratio) | 0.999793 | [0.994249, 1.005438] | 1.007795 | 1.007795 | 0.872 | 10 | sampled

[quill-perf-json-begin] gate=QG-1
{
  "schema_version": "quill-perf-artifact-v4",
  "gate": "Qg1",
  "bench_elf_sha256": "a466d5a64a67843a8f2acd4b7add23c25b2015241c64ea35b385ae59431b8c12",
  "machine_fingerprint": "linux-x86_64-threadripperje-128thread-AMD_Ryzen_Threadripper_PRO_5995WX_64-Cores",
  "execution": {
    "host_identity": "threadripperje",
    "physical_cores": 64,
    "logical_threads": 128,
    "process_available_threads": 128,
    "threads_actually_used": [
      128
    ],
    "runtime_detected_isa": [
      "avx2",
      "fma",
      "bmi2",
      "aes",
      "vaes"
    ],
    "cpu_affinity_allowed_list": "0-127",
    "affinity_or_cpuset_cap": null
  },
  "git_rev": "bb31daa04ee58f9c38c9a0d6e42b5a125e6f02ae",
  "run_window": "qg1-trj-xlarge-fullsweep-bb31daa0-20260729T0824Z",
  "run_id": "qg1-trj-xlarge-t128-bb31daa0-r10-20260729T0824Z",
  "corpus_manifest_hash": "8f143fd276144d52cbd591d23dee268445e98773c94c94d1c2fdef307c9c67ca",
  "manifest_sha256": "41e341ee4a2b881b2b3b7a4d09bfcc13748f8fd646e763be81881b93ac8c314d",
  "cells": [
    {
      "fixture": "bulk/xlarge/128/positions_on",
      "metric": "docs_per_second",
      "engine": "quill",
      "unit": "docs/s",
      "value": 28211.910882144613,
      "p50": 28211.910882144613,
      "median_ci95_low": 27341.926858473827,
      "median_ci95_high": 28488.13531221376,
      "p95": 28506.857471916814,
      "p99": 28506.857471916814,
      "mad": 291.7333970521431,
      "cv_pct": 2.749310671124893,
      "runs": 10
    },
    {
      "fixture": "bulk/xlarge/128/positions_on",
      "metric": "docs_per_second",
      "engine": "tantivy",
      "unit": "docs/s",
      "value": 108901.70369602427,
      "p50": 108901.70369602427,
      "median_ci95_low": 106310.27253991482,
      "median_ci95_high": 111991.98625484055,
      "p95": 112744.31815084361,
      "p99": 112744.31815084361,
      "mad": 2648.0976051014295,
      "cv_pct": 2.689430829203991,
      "runs": 10
    },
    {
      "fixture": "bulk/xlarge/128/positions_on",
      "metric": "docs_per_second_quill_over_tantivy",
      "engine": "paired_ab",
      "unit": "ratio",
      "value": 0.2544575836947057,
      "p50": 0.2544575836947057,
      "median_ci95_low": 0.24867605808627688,
      "median_ci95_high": 0.26221061860679434,
      "p95": 0.2656559349558607,
      "p99": 0.2656559349558607,
      "mad": 0.006908080641011338,
      "cv_pct": 2.8361061126087868,
      "runs": 10
    },
    {
      "fixture": "bulk/xlarge/128/positions_on",
      "metric": "docs_per_second_tantivy_over_tantivy",
      "engine": "paired_null",
      "unit": "ratio",
      "value": 1.0131398922095247,
      "p50": 1.0131398922095247,
      "median_ci95_low": 0.949719058079811,
      "median_ci95_high": 1.0591205071159748,
      "p95": 1.0762908416820143,
      "p99": 1.0762908416820143,
      "mad": 0.05309616370721226,
      "cv_pct": 6.576978413150006,
      "runs": 10
    },
    {
      "fixture": "bulk/xlarge/128/positions_on",
      "metric": "docs_per_second_quill_over_quill",
      "engine": "paired_null_quill",
      "unit": "ratio",
      "value": 0.9997929948337636,
      "p50": 0.9997929948337636,
      "median_ci95_low": 0.9942493213623088,
      "median_ci95_high": 1.0054379841527834,
      "p95": 1.007795017367729,
      "p99": 1.007795017367729,
      "mad": 0.005544120205450032,
      "cv_pct": 0.872210699376071,
      "runs": 10
    }
  ],
  "laws_attested": false
}
[quill-perf-json-end] gate=QG-1
[quill-perf] gate=QG-1 json=/data/tmp/frankensearch-qg1-bb31daa0-a466d5/output/t128/QG-1.json table=/data/tmp/frankensearch-qg1-bb31daa0-a466d5/output/t128/QG-1.md
