bench_elf_sha256=a466d5a64a67843a8f2acd4b7add23c25b2015241c64ea35b385ae59431b8c12 (76985272 bytes) /data/tmp/frankensearch-qg1-bb31daa0-a466d5/bin/perf_matrix-a466d5a6
[quill-perf-oracle] incumbent=tantivy linked_runtime=tantivy v0.26.1, index_format v7 contract_version=0.26.1 lexical=frankensearch-lexical@0.2.1 lexical_git=062a5e5b2d41653b1c8b07888eda1a765e421f49
[qg-fixture-preflight] manifest=docs/contracts/quill-perf-gates.toml fixture=bulk/xlarge/8/positions_on schema=frankensearch-default-v1 operator=bare_term positions=positions_on threads=8 status=ok hits=2
[quill-perf-policy] warmup_rounds=1
[quill-perf-execution-provenance] {"host_identity":"threadripperje","physical_cores":64,"logical_threads":128,"process_available_threads":128,"threads_actually_used":[8],"runtime_detected_isa":["avx2","fma","bmi2","aes","vaes"],"cpu_affinity_allowed_list":"0-127","affinity_or_cpuset_cap":null}
[qg-commit-parity] gate=QG-1 fixture=bulk/xlarge/8/positions_on arm=tantivy cadence_ms=1000 periodic_commits=11 terminal_commit_calls=1 durability=in_memory
[qg-commit-parity] gate=QG-1 fixture=bulk/xlarge/8/positions_on arm=tantivy cadence_ms=1000 periodic_commits=12 terminal_commit_calls=1 durability=in_memory
[qg-commit-parity] gate=QG-1 fixture=bulk/xlarge/8/positions_on arm=tantivy cadence_ms=1000 periodic_commits=12 terminal_commit_calls=1 durability=in_memory
[qg-commit-parity] gate=QG-1 fixture=bulk/xlarge/8/positions_on arm=tantivy cadence_ms=1000 periodic_commits=11 terminal_commit_calls=1 durability=in_memory
[qg-commit-parity] gate=QG-1 fixture=bulk/xlarge/8/positions_on arm=tantivy cadence_ms=1000 periodic_commits=11 terminal_commit_calls=1 durability=in_memory
[qg-commit-parity] gate=QG-1 fixture=bulk/xlarge/8/positions_on arm=tantivy cadence_ms=1000 periodic_commits=11 terminal_commit_calls=1 durability=in_memory
[qg-commit-parity] gate=QG-1 fixture=bulk/xlarge/8/positions_on arm=tantivy cadence_ms=1000 periodic_commits=11 terminal_commit_calls=1 durability=in_memory
[qg-commit-parity] gate=QG-1 fixture=bulk/xlarge/8/positions_on arm=tantivy cadence_ms=1000 periodic_commits=12 terminal_commit_calls=1 durability=in_memory
[qg-commit-parity] gate=QG-1 fixture=bulk/xlarge/8/positions_on arm=tantivy cadence_ms=1000 periodic_commits=11 terminal_commit_calls=1 durability=in_memory
[qg-commit-parity] gate=QG-1 fixture=bulk/xlarge/8/positions_on arm=tantivy cadence_ms=1000 periodic_commits=11 terminal_commit_calls=1 durability=in_memory
[qg-commit-parity] gate=QG-1 fixture=bulk/xlarge/8/positions_on arm=tantivy cadence_ms=1000 periodic_commits=12 terminal_commit_calls=1 durability=in_memory
[qg-commit-parity] gate=QG-1 fixture=bulk/xlarge/8/positions_on arm=tantivy cadence_ms=1000 periodic_commits=11 terminal_commit_calls=1 durability=in_memory
[qg-commit-parity] gate=QG-1 fixture=bulk/xlarge/8/positions_on arm=tantivy cadence_ms=1000 periodic_commits=12 terminal_commit_calls=1 durability=in_memory
[qg-commit-parity] gate=QG-1 fixture=bulk/xlarge/8/positions_on arm=tantivy cadence_ms=1000 periodic_commits=11 terminal_commit_calls=1 durability=in_memory
[qg-commit-parity] gate=QG-1 fixture=bulk/xlarge/8/positions_on arm=tantivy cadence_ms=1000 periodic_commits=12 terminal_commit_calls=1 durability=in_memory
[qg-commit-parity] gate=QG-1 fixture=bulk/xlarge/8/positions_on arm=tantivy cadence_ms=1000 periodic_commits=11 terminal_commit_calls=1 durability=in_memory
[qg-commit-parity] gate=QG-1 fixture=bulk/xlarge/8/positions_on arm=tantivy cadence_ms=1000 periodic_commits=12 terminal_commit_calls=1 durability=in_memory
[qg-commit-parity] gate=QG-1 fixture=bulk/xlarge/8/positions_on arm=tantivy cadence_ms=1000 periodic_commits=12 terminal_commit_calls=1 durability=in_memory
[qg-commit-parity] gate=QG-1 fixture=bulk/xlarge/8/positions_on arm=tantivy cadence_ms=1000 periodic_commits=12 terminal_commit_calls=1 durability=in_memory
[qg-commit-parity] gate=QG-1 fixture=bulk/xlarge/8/positions_on arm=tantivy cadence_ms=1000 periodic_commits=12 terminal_commit_calls=1 durability=in_memory
[qg-commit-parity] gate=QG-1 fixture=bulk/xlarge/8/positions_on arm=tantivy cadence_ms=1000 periodic_commits=12 terminal_commit_calls=1 durability=in_memory
[qg-commit-parity] gate=QG-1 fixture=bulk/xlarge/8/positions_on arm=tantivy cadence_ms=1000 periodic_commits=12 terminal_commit_calls=1 durability=in_memory
[qg-commit-parity] gate=QG-1 fixture=bulk/xlarge/8/positions_on arm=quill cadence_ms=1000 periodic_commits=23 terminal_commit_calls=1 durability=in_memory
[qg-commit-parity] gate=QG-1 fixture=bulk/xlarge/8/positions_on arm=quill cadence_ms=1000 periodic_commits=23 terminal_commit_calls=1 durability=in_memory
[qg-commit-parity] gate=QG-1 fixture=bulk/xlarge/8/positions_on arm=quill cadence_ms=1000 periodic_commits=23 terminal_commit_calls=1 durability=in_memory
[qg-commit-parity] gate=QG-1 fixture=bulk/xlarge/8/positions_on arm=quill cadence_ms=1000 periodic_commits=23 terminal_commit_calls=1 durability=in_memory
[qg-commit-parity] gate=QG-1 fixture=bulk/xlarge/8/positions_on arm=quill cadence_ms=1000 periodic_commits=24 terminal_commit_calls=1 durability=in_memory
[qg-commit-parity] gate=QG-1 fixture=bulk/xlarge/8/positions_on arm=quill cadence_ms=1000 periodic_commits=24 terminal_commit_calls=1 durability=in_memory
[qg-commit-parity] gate=QG-1 fixture=bulk/xlarge/8/positions_on arm=quill cadence_ms=1000 periodic_commits=24 terminal_commit_calls=1 durability=in_memory
[qg-commit-parity] gate=QG-1 fixture=bulk/xlarge/8/positions_on arm=quill cadence_ms=1000 periodic_commits=24 terminal_commit_calls=1 durability=in_memory
[qg-commit-parity] gate=QG-1 fixture=bulk/xlarge/8/positions_on arm=quill cadence_ms=1000 periodic_commits=24 terminal_commit_calls=1 durability=in_memory
[qg-commit-parity] gate=QG-1 fixture=bulk/xlarge/8/positions_on arm=quill cadence_ms=1000 periodic_commits=23 terminal_commit_calls=1 durability=in_memory
[qg-commit-parity] gate=QG-1 fixture=bulk/xlarge/8/positions_on arm=quill cadence_ms=1000 periodic_commits=24 terminal_commit_calls=1 durability=in_memory
[qg-commit-parity] gate=QG-1 fixture=bulk/xlarge/8/positions_on arm=quill cadence_ms=1000 periodic_commits=23 terminal_commit_calls=1 durability=in_memory
[qg-commit-parity] gate=QG-1 fixture=bulk/xlarge/8/positions_on arm=quill cadence_ms=1000 periodic_commits=23 terminal_commit_calls=1 durability=in_memory
[qg-commit-parity] gate=QG-1 fixture=bulk/xlarge/8/positions_on arm=quill cadence_ms=1000 periodic_commits=24 terminal_commit_calls=1 durability=in_memory
[qg-commit-parity] gate=QG-1 fixture=bulk/xlarge/8/positions_on arm=quill cadence_ms=1000 periodic_commits=24 terminal_commit_calls=1 durability=in_memory
[qg-commit-parity] gate=QG-1 fixture=bulk/xlarge/8/positions_on arm=quill cadence_ms=1000 periodic_commits=24 terminal_commit_calls=1 durability=in_memory
[qg-commit-parity] gate=QG-1 fixture=bulk/xlarge/8/positions_on arm=quill cadence_ms=1000 periodic_commits=24 terminal_commit_calls=1 durability=in_memory
[qg-commit-parity] gate=QG-1 fixture=bulk/xlarge/8/positions_on arm=quill cadence_ms=1000 periodic_commits=24 terminal_commit_calls=1 durability=in_memory
[qg-commit-parity] gate=QG-1 fixture=bulk/xlarge/8/positions_on arm=quill cadence_ms=1000 periodic_commits=24 terminal_commit_calls=1 durability=in_memory
[qg-commit-parity] gate=QG-1 fixture=bulk/xlarge/8/positions_on arm=quill cadence_ms=1000 periodic_commits=24 terminal_commit_calls=1 durability=in_memory
[qg-commit-parity] gate=QG-1 fixture=bulk/xlarge/8/positions_on arm=quill cadence_ms=1000 periodic_commits=24 terminal_commit_calls=1 durability=in_memory
[qg-commit-parity] gate=QG-1 fixture=bulk/xlarge/8/positions_on arm=quill cadence_ms=1000 periodic_commits=24 terminal_commit_calls=1 durability=in_memory
[qg-commit-parity] gate=QG-1 fixture=bulk/xlarge/8/positions_on arm=tantivy cadence_ms=1000 periodic_commits=12 terminal_commit_calls=1 durability=in_memory
[qg-commit-parity] gate=QG-1 fixture=bulk/xlarge/8/positions_on arm=quill cadence_ms=1000 periodic_commits=24 terminal_commit_calls=1 durability=in_memory
[qg-commit-parity] gate=QG-1 fixture=bulk/xlarge/8/positions_on arm=quill cadence_ms=1000 periodic_commits=24 terminal_commit_calls=1 durability=in_memory
[qg-commit-parity] gate=QG-1 fixture=bulk/xlarge/8/positions_on arm=tantivy cadence_ms=1000 periodic_commits=12 terminal_commit_calls=1 durability=in_memory
[qg-commit-parity] gate=QG-1 fixture=bulk/xlarge/8/positions_on arm=tantivy cadence_ms=1000 periodic_commits=12 terminal_commit_calls=1 durability=in_memory
[qg-commit-parity] gate=QG-1 fixture=bulk/xlarge/8/positions_on arm=quill cadence_ms=1000 periodic_commits=23 terminal_commit_calls=1 durability=in_memory
[qg-commit-parity] gate=QG-1 fixture=bulk/xlarge/8/positions_on arm=tantivy cadence_ms=1000 periodic_commits=12 terminal_commit_calls=1 durability=in_memory
[qg-commit-parity] gate=QG-1 fixture=bulk/xlarge/8/positions_on arm=quill cadence_ms=1000 periodic_commits=23 terminal_commit_calls=1 durability=in_memory
[qg-commit-parity] gate=QG-1 fixture=bulk/xlarge/8/positions_on arm=quill cadence_ms=1000 periodic_commits=24 terminal_commit_calls=1 durability=in_memory
[qg-commit-parity] gate=QG-1 fixture=bulk/xlarge/8/positions_on arm=tantivy cadence_ms=1000 periodic_commits=12 terminal_commit_calls=1 durability=in_memory
[qg-commit-parity] gate=QG-1 fixture=bulk/xlarge/8/positions_on arm=quill cadence_ms=1000 periodic_commits=24 terminal_commit_calls=1 durability=in_memory
[qg-commit-parity] gate=QG-1 fixture=bulk/xlarge/8/positions_on arm=tantivy cadence_ms=1000 periodic_commits=12 terminal_commit_calls=1 durability=in_memory
[qg-commit-parity] gate=QG-1 fixture=bulk/xlarge/8/positions_on arm=quill cadence_ms=1000 periodic_commits=24 terminal_commit_calls=1 durability=in_memory
[qg-commit-parity] gate=QG-1 fixture=bulk/xlarge/8/positions_on arm=tantivy cadence_ms=1000 periodic_commits=12 terminal_commit_calls=1 durability=in_memory
[qg-commit-parity] gate=QG-1 fixture=bulk/xlarge/8/positions_on arm=tantivy cadence_ms=1000 periodic_commits=12 terminal_commit_calls=1 durability=in_memory
[qg-commit-parity] gate=QG-1 fixture=bulk/xlarge/8/positions_on arm=quill cadence_ms=1000 periodic_commits=24 terminal_commit_calls=1 durability=in_memory
[qg-commit-parity] gate=QG-1 fixture=bulk/xlarge/8/positions_on arm=tantivy cadence_ms=1000 periodic_commits=12 terminal_commit_calls=1 durability=in_memory
[qg-commit-parity] gate=QG-1 fixture=bulk/xlarge/8/positions_on arm=quill cadence_ms=1000 periodic_commits=24 terminal_commit_calls=1 durability=in_memory
[qg-commit-parity] gate=QG-1 fixture=bulk/xlarge/8/positions_on arm=tantivy cadence_ms=1000 periodic_commits=12 terminal_commit_calls=1 durability=in_memory
[qg-commit-parity] gate=QG-1 fixture=bulk/xlarge/8/positions_on arm=quill cadence_ms=1000 periodic_commits=24 terminal_commit_calls=1 durability=in_memory
[qg-commit-parity] gate=QG-1 fixture=bulk/xlarge/8/positions_on arm=quill cadence_ms=1000 periodic_commits=24 terminal_commit_calls=1 durability=in_memory
[qg-commit-parity] gate=QG-1 fixture=bulk/xlarge/8/positions_on arm=tantivy cadence_ms=1000 periodic_commits=12 terminal_commit_calls=1 durability=in_memory
[quill-perf-paired] fixture=bulk/xlarge/8/positions_on tantivy_null_median=1.030607 tantivy_null_ci95=[0.988788,1.100675] tantivy_null_cv_pct=5.874 quill_null_median=1.004562 quill_null_ci95=[0.997820,1.010276] quill_null_cv_pct=1.064 ab_median=0.237279 ab_ci95=[0.232398,0.244989] ab_cv_pct=4.124 checksum=1979f81ab6348a22
[tantivy-lifecycle] receipts=33 sha256=c01e61af636bcc270a91ce5cc8e2a4fba43434244a5278acf5abe7bd117c2446 path=/data/tmp/frankensearch-qg1-bb31daa0-a466d5/output/t8/tantivy-lifecycle.jsonl
[quill-evidence] gate=QG-1 status=invalid_null ratchet_admissible=false json=/data/tmp/frankensearch-qg1-bb31daa0-a466d5/output/t8/QG-1.evidence.json table=/data/tmp/frankensearch-qg1-bb31daa0-a466d5/output/t8/QG-1.evidence.md
host=threadripperje | physical_cores=64 | logical_threads=128 | process_available_threads=128 | threads_actually_used=[8] | runtime_detected_isa=["avx2", "fma", "bmi2", "aes", "vaes"] | cpu_affinity_allowed_list=0-127 | affinity_or_cpuset_cap=none
fixture | engine | metric | p50 | median_ci95 | p95 | p99 | cv_pct (provenance) | runs | admission
--- | --- | --- | ---: | ---: | ---: | ---: | ---: | ---: | ---
bulk/xlarge/8/positions_on | quill | docs_per_second (docs/s) | 33770.710314 | [33707.457295, 33947.344216] | 34168.777784 | 34168.777784 | 0.516 | 10 | sampled
bulk/xlarge/8/positions_on | tantivy | docs_per_second (docs/s) | 142833.746249 | [139030.868034, 145514.732973] | 145945.876717 | 145945.876717 | 3.798 | 10 | sampled
bulk/xlarge/8/positions_on | paired_ab | docs_per_second_quill_over_tantivy (ratio) | 0.237279 | [0.232398, 0.244989] | 0.263650 | 0.263650 | 4.124 | 10 | sampled
bulk/xlarge/8/positions_on | paired_null | docs_per_second_tantivy_over_tantivy (ratio) | 1.030607 | [0.988788, 1.100675] | 1.141957 | 1.141957 | 5.874 | 10 | sampled
bulk/xlarge/8/positions_on | paired_null_quill | docs_per_second_quill_over_quill (ratio) | 1.004562 | [0.997820, 1.010276] | 1.019635 | 1.019635 | 1.064 | 10 | sampled

[quill-perf-json-begin] gate=QG-1
{
  "schema_version": "quill-perf-artifact-v4",
  "gate": "Qg1",
  "bench_elf_sha256": "a466d5a64a67843a8f2acd4b7add23c25b2015241c64ea35b385ae59431b8c12",
  "machine_fingerprint": "linux-x86_64-threadripperje-128thread-AMD_Ryzen_Threadripper_PRO_5995WX_64-Cores",
  "execution": {
    "host_identity": "threadripperje",
    "physical_cores": 64,
    "logical_threads": 128,
    "process_available_threads": 128,
    "threads_actually_used": [
      8
    ],
    "runtime_detected_isa": [
      "avx2",
      "fma",
      "bmi2",
      "aes",
      "vaes"
    ],
    "cpu_affinity_allowed_list": "0-127",
    "affinity_or_cpuset_cap": null
  },
  "git_rev": "bb31daa04ee58f9c38c9a0d6e42b5a125e6f02ae",
  "run_window": "qg1-trj-xlarge-fullsweep-bb31daa0-20260729T0824Z",
  "run_id": "qg1-trj-xlarge-t8-bb31daa0-r10-20260729T0824Z",
  "corpus_manifest_hash": "be01947b4a1a99d922e9b86c96875ec26f2d09a2477ec085fd4d51872997383b",
  "manifest_sha256": "41e341ee4a2b881b2b3b7a4d09bfcc13748f8fd646e763be81881b93ac8c314d",
  "cells": [
    {
      "fixture": "bulk/xlarge/8/positions_on",
      "metric": "docs_per_second",
      "engine": "quill",
      "unit": "docs/s",
      "value": 33770.71031387869,
      "p50": 33770.71031387869,
      "median_ci95_low": 33707.45729505031,
      "median_ci95_high": 33947.34421565819,
      "p95": 34168.77778397562,
      "p99": 34168.77778397562,
      "mad": 110.25575626800855,
      "cv_pct": 0.5156400608141652,
      "runs": 10
    },
    {
      "fixture": "bulk/xlarge/8/positions_on",
      "metric": "docs_per_second",
      "engine": "tantivy",
      "unit": "docs/s",
      "value": 142833.74624907022,
      "p50": 142833.74624907022,
      "median_ci95_low": 139030.86803384454,
      "median_ci95_high": 145514.7329726596,
      "p95": 145945.876717111,
      "p99": 145945.876717111,
      "mad": 2785.1105276052112,
      "cv_pct": 3.797786169635479,
      "runs": 10
    },
    {
      "fixture": "bulk/xlarge/8/positions_on",
      "metric": "docs_per_second_quill_over_tantivy",
      "engine": "paired_ab",
      "unit": "ratio",
      "value": 0.23727904448222475,
      "p50": 0.23727904448222475,
      "median_ci95_low": 0.23239767257889082,
      "median_ci95_high": 0.24498943968054832,
      "p95": 0.2636504722312212,
      "p99": 0.2636504722312212,
      "mad": 0.004601173518970603,
      "cv_pct": 4.123988802210303,
      "runs": 10
    },
    {
      "fixture": "bulk/xlarge/8/positions_on",
      "metric": "docs_per_second_tantivy_over_tantivy",
      "engine": "paired_null",
      "unit": "ratio",
      "value": 1.0306066181744007,
      "p50": 1.0306066181744007,
      "median_ci95_low": 0.9887879447082527,
      "median_ci95_high": 1.1006751345947492,
      "p95": 1.141957388708023,
      "p99": 1.141957388708023,
      "mad": 0.04331542482930406,
      "cv_pct": 5.873673492264388,
      "runs": 10
    },
    {
      "fixture": "bulk/xlarge/8/positions_on",
      "metric": "docs_per_second_quill_over_quill",
      "engine": "paired_null_quill",
      "unit": "ratio",
      "value": 1.0045623689289926,
      "p50": 1.0045623689289926,
      "median_ci95_low": 0.9978204157855229,
      "median_ci95_high": 1.010275589864063,
      "p95": 1.0196350751668364,
      "p99": 1.0196350751668364,
      "mad": 0.005015695378960239,
      "cv_pct": 1.0636174377451346,
      "runs": 10
    }
  ],
  "laws_attested": false
}
[quill-perf-json-end] gate=QG-1
[quill-perf] gate=QG-1 json=/data/tmp/frankensearch-qg1-bb31daa0-a466d5/output/t8/QG-1.json table=/data/tmp/frankensearch-qg1-bb31daa0-a466d5/output/t8/QG-1.md
